// Jest Snapshot v1, https://goo.gl/fbAQLP

exports[`Countries should render the component 1`] = `
<div>
  <h1
    className="title"
  >
    Countries
  </h1>
  <div
    className="dropdown"
  >
    <select
      className="select"
      id="continents"
      name="continents"
      onChange={[Function]}
    >
      <option
        value="all"
      >
        All
      </option>
      <option
        value="Africa"
      >
        Africa
      </option>
      <option
        value="Asia"
      >
        Asia
      </option>
      <option
        value="Europe"
      >
        Europe
      </option>
      <option
        value="North America"
      >
        North America
      </option>
      <option
        value="Oceania"
      >
        Oceania
      </option>
      <option
        value="South America"
      >
        South America
      </option>
      <option
        value="Antarctica"
      >
        Antarctica
      </option>
    </select>
  </div>
  <ul
    className="countries"
  />
</div>
`;
